<?xml version="1.0" encoding="UTF-8"?>
<testsuites name="jest tests" tests="1" failures="0" time="10.413">
  <testsuite name="Routing" errors="0" failures="0" skipped="0" timestamp="2019-03-21T22:22:30" time="8.714" tests="1">
    <testcase classname="Routing Simple routing" name="Routing Simple routing" time="0.449">
    </testcase>
  </testsuite>
</testsuites>